// Jest Snapshot v1, https://goo.gl/fbAQLP

exports[`App component renders App 1`] = `
<BrowserRouter>
  <Route
    component={[Function]}
    exact={true}
    path="/"
  />
  <Route
    component={[Function]}
    exact={true}
    path="/artist/:id"
  />
  <Route
    component={[Function]}
    path="/artist/:artistId/album/:albumId"
  />
  <Route
    component={[Function]}
    path="/lyrics/:artistName/:title"
  />
</BrowserRouter>
`;
